\BOOKMARK [0][-]{section*.2}{\376\377\000D\000a\000n\000h\000\040\000s\000\341\000c\000h\000\040\000h\000\354\000n\000h\000\040\000v\036\275}{}% 1
\BOOKMARK [0][-]{section*.4}{\376\377\000D\000a\000n\000h\000\040\000s\000\341\000c\000h\000\040\000b\036\243\000n\000g}{}% 2
\BOOKMARK [0][-]{section*.6}{\376\377\000T\000\363\000m\000\040\000t\036\257\000t\000\040\000n\036\331\000i\000\040\000d\000u\000n\000g\000\040\001\021\036\323\000\040\000\341\000n}{}% 3
\BOOKMARK [0][-]{chapter.1}{\376\377\000G\000i\036\333\000i\000\040\000t\000h\000i\036\307\000u}{}% 4
\BOOKMARK [1][-]{section.1.1}{\376\377\000B\036\321\000i\000\040\000c\036\243\000n\000h\000\040\000v\000\340\000\040\000t\036\247\000m\000\040\000q\000u\000a\000n\000\040\000t\000r\036\315\000n\000g\000\040\000c\036\347\000a\000\040\001\021\036\301\000\040\000t\000\340\000i}{chapter.1}% 5
\BOOKMARK [1][-]{section.1.2}{\376\377\000M\036\345\000c\000\040\000t\000i\000\352\000u\000\040\000n\000g\000h\000i\000\352\000n\000\040\000c\036\351\000u}{chapter.1}% 6
\BOOKMARK [1][-]{section.1.3}{\376\377\000P\000h\036\241\000m\000\040\000v\000i\000\040\000n\000g\000h\000i\000\352\000n\000\040\000c\036\351\000u}{chapter.1}% 7
\BOOKMARK [0][-]{chapter.2}{\376\377\000C\001\241\000\040\000s\036\337\000\040\000l\000\375\000\040\000t\000h\000u\000y\036\277\000t}{}% 8
\BOOKMARK [1][-]{section.2.1}{\376\377\000B\000\340\000i\000\040\000t\000o\000\341\000n\000\040\000Q\000u\000y\000\040\000h\000o\036\241\000c\000h\000\040\000m\036\337\000\040\000r\036\331\000n\000g\000\040\000n\000g\000u\036\323\000n\000\040\001\021\000i\036\307\000n\000\040\000\050\000G\000E\000P\000\051}{chapter.2}% 9
\BOOKMARK [2][-]{subsection.2.1.1}{\376\377\001\020\036\313\000n\000h\000\040\000n\000g\000h\001\051\000a\000\040\000b\000\340\000i\000\040\000t\000o\000\341\000n}{section.2.1}% 10
\BOOKMARK [2][-]{subsection.2.1.2}{\376\377\000P\000h\000\342\000n\000\040\000l\000o\036\241\000i\000\040\000c\000\341\000c\000\040\000p\000h\001\260\001\241\000n\000g\000\040\000p\000h\000\341\000p\000\040\000g\000i\036\243\000i\000\040\000G\000E\000P}{section.2.1}% 11
\BOOKMARK [1][-]{section.2.2}{\376\377\000T\036\321\000i\000\040\001\260\000u\000\040\000h\000\363\000a\000\040\000h\000a\000i\000\040\000t\036\247\000n\000g\000\040\000\050\000B\000i\000-\000l\000e\000v\000e\000l\000\040\000O\000p\000t\000i\000m\000i\000z\000a\000t\000i\000o\000n\000\051}{chapter.2}% 12
\BOOKMARK [2][-]{subsection.2.2.1}{\376\377\000K\000h\000\341\000i\000\040\000n\000i\036\307\000m\000\040\000v\000\340\000\040\000p\000h\000\341\000t\000\040\000b\000i\036\303\000u\000\040\000t\000o\000\341\000n\000\040\000h\036\315\000c}{section.2.2}% 13
\BOOKMARK [2][-]{subsection.2.2.2}{\376\377\001\020\036\267\000c\000\040\001\021\000i\036\303\000m\000\040\000c\036\347\000a\000\040\000b\000\340\000i\000\040\000t\000o\000\341\000n\000\040\000b\000i\000-\000l\000e\000v\000e\000l}{section.2.2}% 14
\BOOKMARK [1][-]{section.2.3}{\376\377\000Q\000u\000y\000\040\000h\000o\036\241\000c\000h\000\040\000t\000u\000y\036\277\000n\000\040\000t\000\355\000n\000h\000\040\000\050\000L\000i\000n\000e\000a\000r\000\040\000P\000r\000o\000g\000r\000a\000m\000m\000i\000n\000g\000\051}{chapter.2}% 15
\BOOKMARK [2][-]{subsection.2.3.1}{\376\377\000L\000\375\000\040\000t\000h\000u\000y\036\277\000t\000\040\000c\001\241\000\040\000b\036\243\000n}{section.2.3}% 16
\BOOKMARK [2][-]{subsection.2.3.2}{\376\377\000T\000h\000u\036\255\000t\000\040\000t\000o\000\341\000n\000\040\000g\000i\036\243\000i\000\040\000L\000P}{section.2.3}% 17
\BOOKMARK [2][-]{subsection.2.3.3}{\376\377\000B\000\340\000i\000\040\000t\000o\000\341\000n\000\040\001\020\000i\036\301\000u\000\040\001\021\036\331\000\040\000k\000i\000n\000h\000\040\000t\036\277\000\040\000\050\000E\000c\000o\000n\000o\000m\000i\000c\000\040\000D\000i\000s\000p\000a\000t\000c\000h\000\051}{section.2.3}% 18
\BOOKMARK [1][-]{section.2.4}{\376\377\000T\036\321\000i\000\040\001\260\000u\000\040\000h\000\363\000a\000\040\000B\000a\000y\000e\000s\000\040\000\050\000B\000a\000y\000e\000s\000i\000a\000n\000\040\000O\000p\000t\000i\000m\000i\000z\000a\000t\000i\000o\000n\000\051}{chapter.2}% 19
\BOOKMARK [2][-]{subsection.2.4.1}{\376\377\000K\000h\000\341\000i\000\040\000n\000i\036\307\000m\000\040\000v\000\340\000\040\001\021\036\331\000n\000g\000\040\000l\036\361\000c}{section.2.4}% 20
\BOOKMARK [2][-]{subsection.2.4.2}{\376\377\000C\000\341\000c\000\040\000t\000h\000\340\000n\000h\000\040\000p\000h\036\247\000n\000\040\000c\036\321\000t\000\040\000l\000\365\000i}{section.2.4}% 21
\BOOKMARK [2][-]{subsection.2.4.3}{\376\377\000Q\000u\000y\000\040\000t\000r\000\354\000n\000h\000\040\000t\036\321\000i\000\040\001\260\000u\000\040\000h\000\363\000a\000\040\000B\000a\000y\000e\000s}{section.2.4}% 22
\BOOKMARK [1][-]{section.2.5}{\376\377\000Q\000u\000\341\000\040\000t\000r\000\354\000n\000h\000\040\000q\000u\000y\036\277\000t\000\040\001\021\036\313\000n\000h\000\040\000M\000a\000r\000k\000o\000v\000\040\000\050\000M\000D\000P\000\051}{chapter.2}% 23
\BOOKMARK [2][-]{subsection.2.5.1}{\376\377\001\020\036\313\000n\000h\000\040\000n\000g\000h\001\051\000a}{section.2.5}% 24
\BOOKMARK [2][-]{subsection.2.5.2}{\376\377\000C\000h\000\355\000n\000h\000\040\000s\000\341\000c\000h\000\040\000v\000\340\000\040\000h\000\340\000m\000\040\000g\000i\000\341\000\040\000t\000r\036\313}{section.2.5}% 25
\BOOKMARK [1][-]{section.2.6}{\376\377\000H\036\315\000c\000\040\000t\001\003\000n\000g\000\040\000c\001\260\036\335\000n\000g\000\040\000\050\000R\000e\000i\000n\000f\000o\000r\000c\000e\000m\000e\000n\000t\000\040\000L\000e\000a\000r\000n\000i\000n\000g\000\051}{chapter.2}% 26
\BOOKMARK [2][-]{subsection.2.6.1}{\376\377\000T\036\325\000n\000g\000\040\000q\000u\000a\000n}{section.2.6}% 27
\BOOKMARK [2][-]{subsection.2.6.2}{\376\377\000P\000h\001\260\001\241\000n\000g\000\040\000p\000h\000\341\000p\000\040\000P\000o\000l\000i\000c\000y\000\040\000G\000r\000a\000d\000i\000e\000n\000t}{section.2.6}% 28
\BOOKMARK [2][-]{subsection.2.6.3}{\376\377\000P\000P\000O\000\040\040\023\000\040\000P\000r\000o\000x\000i\000m\000a\000l\000\040\000P\000o\000l\000i\000c\000y\000\040\000O\000p\000t\000i\000m\000i\000z\000a\000t\000i\000o\000n}{section.2.6}% 29
\BOOKMARK [2][-]{subsection.2.6.4}{\376\377\000S\000A\000C\000\040\040\023\000\040\000S\000o\000f\000t\000\040\000A\000c\000t\000o\000r\000-\000C\000r\000i\000t\000i\000c}{section.2.6}% 30
\BOOKMARK [1][-]{section.2.7}{\376\377\000C\000h\000i\000\040\000p\000h\000\355\000\040\001\021\036\247\000u\000\040\000t\001\260\000\040\000n\000i\000\352\000n\000\040\000k\000i\000m\000\040\000h\000\363\000a\000\040\000\050\000A\000n\000n\000u\000a\000l\000i\000z\000e\000d\000\040\000C\000A\000P\000E\000X\000\051}{chapter.2}% 31
\BOOKMARK [2][-]{subsection.2.7.1}{\376\377\000N\000h\000\342\000n\000\040\000t\036\355\000\040\000t\000h\000u\000\040\000h\036\323\000i\000\040\000v\036\321\000n\000\040\000\050\000C\000a\000p\000i\000t\000a\000l\000\040\000R\000e\000c\000o\000v\000e\000r\000y\000\040\000F\000a\000c\000t\000o\000r\000\051}{section.2.7}% 32
\BOOKMARK [1][-]{section.2.8}{\376\377\000P\000h\000\342\000n\000\040\000t\000\355\000c\000h\000\040\000k\036\313\000c\000h\000\040\000b\036\243\000n\000\040\000n\000g\036\253\000u\000\040\000n\000h\000i\000\352\000n\000\040\000\050\000S\000t\000o\000c\000h\000a\000s\000t\000i\000c\000\040\000S\000c\000e\000n\000a\000r\000i\000o\000\040\000A\000n\000a\000l\000y\000s\000i\000s\000\051}{chapter.2}% 33
\BOOKMARK [2][-]{subsection.2.8.1}{\376\377\000M\000\364\000\040\000p\000h\036\317\000n\000g\000\040\000M\000o\000n\000t\000e\000\040\000C\000a\000r\000l\000o}{section.2.8}% 34
\BOOKMARK [2][-]{subsection.2.8.2}{\376\377\000L\000i\000\352\000n\000\040\000h\036\307\000\040\000v\036\333\000i\000\040\001\021\036\301\000\040\000t\000\340\000i}{section.2.8}% 35
\BOOKMARK [1][-]{section.2.9}{\376\377\000T\036\325\000n\000g\000\040\000k\036\277\000t\000\040\000c\000h\001\260\001\241\000n\000g}{chapter.2}% 36
\BOOKMARK [0][-]{chapter.3}{\376\377\000M\000\364\000\040\000h\000\354\000n\000h\000\040\000h\000\363\000a\000\040\000b\000\340\000i\000\040\000t\000o\000\341\000n\000\040\000q\000u\000y\000\040\000h\000o\036\241\000c\000h\000\040\000m\036\337\000\040\000r\036\331\000n\000g\000\040\000n\000g\000u\036\323\000n\000\040\001\021\000i\036\307\000n}{}% 37
\BOOKMARK [1][-]{section.3.1}{\376\377\000K\000h\000u\000n\000g\000\040\000m\000\364\000\040\000h\000\354\000n\000h\000\040\000t\036\321\000i\000\040\001\260\000u\000\040\000h\000\363\000a\000\040\000l\000a\000i\000\040\000h\000a\000i\000\040\000t\036\247\000n\000g}{chapter.3}% 38
\BOOKMARK [1][-]{section.3.2}{\376\377\000M\000\364\000\040\000h\000\354\000n\000h\000\040\000t\000o\000\341\000n\000\040\000h\036\315\000c\000\040\000t\036\247\000n\000g\000\040\000d\001\260\036\333\000i\000\040\000c\000h\000o\000\040\000b\000\340\000i\000\040\000t\000o\000\341\000n\000\040\001\021\000i\036\301\000u\000\040\001\021\036\331\000\040\000k\000i\000n\000h\000\040\000t\036\277}{chapter.3}% 39
\BOOKMARK [2][-]{subsection.3.2.1}{\376\377\000T\036\255\000p\000\040\000h\036\343\000p\000,\000\040\000t\000h\000a\000m\000\040\000s\036\321\000\040\000v\000\340\000\040\000b\000i\036\277\000n\000\040\000q\000u\000y\036\277\000t\000\040\001\021\036\313\000n\000h}{section.3.2}% 40
\BOOKMARK [2][-]{subsection.3.2.2}{\376\377\000H\000\340\000m\000\040\000m\036\345\000c\000\040\000t\000i\000\352\000u\000\040\000v\000\340\000\040\000h\036\307\000\040\000r\000\340\000n\000g\000\040\000b\000u\036\331\000c}{section.3.2}% 41
\BOOKMARK [1][-]{section.3.3}{\376\377\000M\000\364\000\040\000h\000\354\000n\000h\000\040\000t\000o\000\341\000n\000\040\000h\036\315\000c\000\040\000t\036\247\000n\000g\000\040\000t\000r\000\352\000n\000\040\000c\000h\000o\000\040\000b\000\340\000i\000\040\000t\000o\000\341\000n\000\040\000q\000u\000y\000\040\000h\000o\036\241\000c\000h\000\040\000m\036\337\000\040\000r\036\331\000n\000g\000\040\000n\000g\000u\036\323\000n\000\040\001\021\000i\036\307\000n}{chapter.3}% 42
\BOOKMARK [2][-]{subsection.3.3.1}{\376\377\000B\000i\036\277\000n\000\040\000q\000u\000y\036\277\000t\000\040\001\021\036\313\000n\000h\000\040\000c\036\347\000a\000\040\000b\000\340\000i\000\040\000t\000o\000\341\000n\000\040\001\021\036\247\000u\000\040\000t\001\260}{section.3.3}% 43
\BOOKMARK [2][-]{subsection.3.3.2}{\376\377\000H\000\340\000m\000\040\000m\036\345\000c\000\040\000t\000i\000\352\000u\000\040\000t\036\325\000n\000g\000\040\000q\000u\000\341\000t\000\040\000c\036\347\000a\000\040\000t\036\247\000n\000g\000\040\000t\000r\000\352\000n}{section.3.3}% 44
\BOOKMARK [1][-]{section.3.4}{\376\377\000M\000\364\000\040\000h\000\354\000n\000h\000\040\000h\000\363\000a\000\040\000t\000\355\000n\000h\000\040\000b\036\245\000t\000\040\001\021\036\313\000n\000h\000\040\000t\000h\000\364\000n\000g\000\040\000q\000u\000a\000\040\000p\000h\000\342\000n\000\040\000t\000\355\000c\000h\000\040\000k\036\313\000c\000h\000\040\000b\036\243\000n\000\040\000M\000o\000n\000t\000e\000\040\000C\000a\000r\000l\000o}{chapter.3}% 45
\BOOKMARK [0][-]{chapter.4}{\376\377\000P\000h\001\260\001\241\000n\000g\000\040\000p\000h\000\341\000p\000\040\000g\000i\036\243\000i\000\040\000b\000\340\000i\000\040\000t\000o\000\341\000n}{}% 46
\BOOKMARK [1][-]{section.4.1}{\376\377\000P\000h\001\260\001\241\000n\000g\000\040\000p\000h\000\341\000p\000\040\000g\000i\036\243\000i\000\040\000b\000\340\000i\000\040\000t\000o\000\341\000n\000\040\000t\036\321\000i\000\040\001\260\000u\000\040\000h\036\331\000p\000\040\001\021\000e\000n\000\040\036\337\000\040\000t\036\247\000n\000g\000\040\000t\000r\000\352\000n}{chapter.4}% 47
\BOOKMARK [2][-]{subsection.4.1.1}{\376\377\000T\036\321\000i\000\040\001\260\000u\000\040\000h\000\363\000a\000\040\000B\000a\000y\000e\000s\000\040\000\050\000B\000a\000y\000e\000s\000i\000a\000n\000\040\000O\000p\000t\000i\000m\000i\000z\000a\000t\000i\000o\000n\000\040\000-\000\040\000B\000O\000\051}{section.4.1}% 48
\BOOKMARK [2][-]{subsection.4.1.2}{\376\377\000H\036\315\000c\000\040\000t\001\003\000n\000g\000\040\000c\001\260\036\335\000n\000g\000\040\000\050\000R\000e\000i\000n\000f\000o\000r\000c\000e\000m\000e\000n\000t\000\040\000L\000e\000a\000r\000n\000i\000n\000g\000\040\000-\000\040\000R\000L\000\051}{section.4.1}% 49
\BOOKMARK [1][-]{section.4.2}{\376\377\001\020\036\267\000c\000\040\000t\036\243\000\040\000m\000\364\000i\000\040\000t\000r\001\260\036\335\000n\000g\000\040\000t\001\260\001\241\000n\000g\000\040\000t\000\341\000c\000\040\000c\000h\000o\000\040\000b\000\340\000i\000\040\000t\000o\000\341\000n\000\040\000h\036\315\000c\000\040\000t\001\003\000n\000g\000\040\000c\001\260\036\335\000n\000g}{chapter.4}% 50
\BOOKMARK [2][-]{subsection.4.2.1}{\376\377\000K\000h\000\364\000n\000g\000\040\000g\000i\000a\000n\000\040\000q\000u\000a\000n\000\040\000s\000\341\000t}{section.4.2}% 51
\BOOKMARK [2][-]{subsection.4.2.2}{\376\377\000K\000h\000\364\000n\000g\000\040\000g\000i\000a\000n\000\040\000h\000\340\000n\000h\000\040\001\021\036\331\000n\000g\000\040\000v\000\340\000\040\000c\001\241\000\040\000c\000h\036\277\000\040\000p\000h\036\247\000n\000\040\000t\000h\001\260\036\337\000n\000g}{section.4.2}% 52
\BOOKMARK [1][-]{section.4.3}{\376\377\000T\000h\000i\036\277\000t\000\040\000k\036\277\000\040\000h\036\307\000\040\000t\000h\036\321\000n\000g\000\040\000v\000\340\000\040\000q\000u\000y\000\040\000t\000r\000\354\000n\000h\000\040\000t\000r\000i\036\303\000n\000\040\000k\000h\000a\000i\000\040\000t\000\355\000n\000h\000\040\000t\000o\000\341\000n}{chapter.4}% 53
\BOOKMARK [0][-]{chapter.5}{\376\377\000K\036\277\000t\000\040\000q\000u\036\243\000\040\000t\000h\036\361\000c\000\040\000n\000g\000h\000i\036\307\000m\000\040\000v\000\340\000\040\000t\000h\036\243\000o\000\040\000l\000u\036\255\000n}{}% 54
\BOOKMARK [1][-]{section.5.1}{\376\377\000T\000h\000i\036\277\000t\000\040\000l\036\255\000p\000\040\000v\000\340\000\040\000t\000i\000\352\000u\000\040\000c\000h\000\355\000\040\001\021\000\341\000n\000h\000\040\000g\000i\000\341}{chapter.5}% 55
\BOOKMARK [1][-]{section.5.2}{\376\377\000S\000o\000\040\000s\000\341\000n\000h\000\040\001\021\036\313\000n\000h\000\040\000l\001\260\036\343\000n\000g\000\040\000g\000i\036\357\000a\000\040\000c\000\341\000c\000\040\000k\036\313\000c\000h\000\040\000b\036\243\000n}{chapter.5}% 56
\BOOKMARK [1][-]{section.5.3}{\376\377\000P\000h\000\342\000n\000\040\000t\000\355\000c\000h\000\040\000c\001\241\000\040\000c\036\245\000u\000\040\001\021\036\247\000u\000\040\000t\001\260\000\040\000t\036\321\000i\000\040\001\260\000u}{chapter.5}% 57
\BOOKMARK [1][-]{section.5.4}{\376\377\000H\000\340\000n\000h\000\040\000v\000i\000\040\000h\036\331\000i\000\040\000t\036\345\000\040\000c\036\347\000a\000\040\000B\000a\000y\000e\000s\000i\000a\000n\000\040\000O\000p\000t\000i\000m\000i\000z\000a\000t\000i\000o\000n}{chapter.5}% 58
\BOOKMARK [0][-]{figure.caption.11}{\376\377\000T\000\340\000i\000\040\000l\000i\036\307\000u\000\040\000t\000h\000a\000m\000\040\000k\000h\036\243\000o}{}% 59
